alu0101037653@cc2327:~$ ssh -p 2205 alu0101037653@exthost2.etsii.ull.es
alu0101037653@exthost2.etsii.ull.es's password: 
Welcome to Ubuntu 16.04.3 LTS (GNU/Linux 4.4.0-134-generic x86_64)

 * Documentation:  https://help.ubuntu.com
 * Management:     https://landscape.canonical.com
 * Support:        https://ubuntu.com/advantage

The programs included with the Ubuntu system are free software;
the exact distribution terms for each program are described in the
individual files in /usr/share/doc/*/copyright.

Ubuntu comes with ABSOLUTELY NO WARRANTY, to the extent permitted by
applicable law.

Last login: Thu Nov  8 12:04:59 2018 from 10.150.19.67
alu0101037653@399c5e70c219:~$ sqlplus

SQL*Plus: Release 12.2.0.1.0 Production on Wed Nov 14 13:07:11 2018

Copyright (c) 1982, 2016, Oracle.  All rights reserved.

Enter password: 
Last Successful login time: Wed Nov 07 2018 13:02:12 +00:00

Connected to:
Oracle Database 12c Enterprise Edition Release 12.2.0.1.0 - 64bit Production

SQL> SPOOL PRACT05
SQL> SQRT(POWER(2,5));
SP2-0734: unknown command beginning "SQRT(POWER..." - rest of line ignored.
SQL> SELECT SQRT(POWER(2,5))
  2  FROM DUAL;

SQRT(POWER(2,5))
----------------
      5.65685425

SQL> SELECT LENGTH(A)
  2  FROM ASIGNATURA
  3  ;

 LENGTH(A)
----------
	14
	23
	18
	16
	18
	 7
	 7
	12
	18
	10
	26

 LENGTH(A)
----------
	17

12 rows selected.

SQL> SELECT SYSDATE - TO_DATE('29-APR-98')
  2  FROM DUAL;

SYSDATE-TO_DATE('29-APR-98')
----------------------------
		  7504.56343

SQL> SELECT A
  2  FROM AREA NATURAL JOIN ASIGNATURA
  3  ;

A
--------------------------------------------------
BASES DE DATOS
INTELIGENCIA ARTIFICIAL
ALMACENES DE DATOS
MINERIA DE DATOS
INFORMATICA BASICA
ALGEBRA
CALCULO
OPTIMIZACION
GESTION DE RIESGOS
ASTRONOMIA
ENSENANZA DE LA MATEMATICA

A
--------------------------------------------------
ANALISIS COMPLEJO

12 rows selected.

SQL> SELECT TRUNC(SYSDATE - TO_DATE('29-APR-98'))
  2  FROM DUAL;

TRUNC(SYSDATE-TO_DATE('29-APR-98'))
-----------------------------------
			       7504

SQL> SELECT SYSDATE - TO_DATE('29-APR-98 07:30', 'DD-MON-YY HH:MI')
  2  FROM DUAL;

SYSDATE-TO_DATE('29-APR-9807:30','DD-MON-YYHH:MI')
--------------------------------------------------
					-29020.745

SQL> SELECT SYSDATE - TO_DATE('29-APR-1998 07:30', 'DD-MON-YYYY HH:MI')
  2  FROM DUAL;

SYSDATE-TO_DATE('29-APR-199807:30','DD-MON-YYYYHH:MI')
------------------------------------------------------
					    7504.25616

SQL> SELECT A
  2  FROM ASIGNATURA NATURAL JOIN AREA
  3  WHERE AR LIKE 'A%';

A
--------------------------------------------------
ALGEBRA
ANALISIS COMPLEJO
ASTRONOMIA

SQL> SELECT A
  2  FROM ASIGNATURA NATURAL JOIN AREA
  3  WHERE AR LIKE '%A';

A
--------------------------------------------------
ALGEBRA
ASTRONOMIA
ENSENANZA DE LA MATEMATICA
OPTIMIZACION
CALCULO

SQL> SELECT A
  2  FROM ASIGNATURA
  3  WHERE A LIKE '%DATOS%'; 

A
--------------------------------------------------
BASES DE DATOS
ALMACENES DE DATOS
MINERIA DE DATOS

SQL> SELECT DNI
  2  FROM PROFESOR
  3  WHERE P LIKE '___R%'
  4  ;

       DNI
----------
      3333

SQL> SELECT DNI
  2  FROM PROFESOR
  3  WHERE P LIKE '__R%'
  4  ;

       DNI
----------
      2222
      4444
      6666
      7777

SQL> SELECT DNI
  2  FROM PROFESOR
  3  WHERE P NOT LIKE '______%';

       DNI
----------
      1111
      3333
      4444
      5555
      7777
      1010

6 rows selected.

SQL> SELECT DISTINCT DNI
  2  FROM PROFESOR
  3  WHERE P LIKE '_____%';

       DNI
----------
      2222
      3333
      4444
      6666
      7777
      8888
      9999
      1010
      2020
      3030

10 rows selected.

SQL> SELECT P
  2  FROM PROFESOR NATURAL JOIN PLAN_DOCENTE
  3  WHERE FF IS NULL;

P
------------------------------------------------------------
DAVID
JUAN
SOLEDAD
CARLOS
JOSE MANUEL
PEDRO
PEDRO
MARIA
MARIA
IVAN
MARIO

P
------------------------------------------------------------
FRANCISCO
ANGELA

13 rows selected.

SQL> SELECT DISTINCT P
  2  FROM PROFESOR NATURAL JOIN PLAN_DOCENTE
  3  WHERE FF IS NULL;

P
------------------------------------------------------------
MARIO
JUAN
PEDRO
FRANCISCO
SOLEDAD
DAVID
CARLOS
IVAN
MARIA
JOSE MANUEL
ANGELA

11 rows selected.

SQL> SELECT DISTINCT P
  2  FROM PLAN_DOCENTE NATURAL JOIN PROFESOR
  3  WHERE CAS=8;

P
------------------------------------------------------------
JUAN
JOSE MANUEL

SQL> SELECT *
  2  FROM PLAN_DOCENTE
  3  ORDER BY FF;

       DNI	  CAS	     CTA	CPA	   CLA FI	 FF
---------- ---------- ---------- ---------- ---------- --------- ---------
      2222	    3	     1.5	  0	   1.5 01-SEP-06 31-AUG-07
      1010	    2	     1.5	1.5	     3 01-SEP-05 31-AUG-08
      1010	    9	       3	  0	     3 01-SEP-08 31-AUG-09
      1111	    8	       3	1.5	   1.5 01-SEP-07 31-AUG-09
      4444	    4	     1.5	  0	   1.5 01-SEP-08 31-AUG-10
      6666	   10	       3	1.5	   1.5 01-SEP-08 31-AUG-11
      1010	    9	     1.5	  0	   1.5 01-SEP-09
      9999	    7	       3	  3	     0 01-SEP-10
      5555	    6	       3	  3	     0 31-MAR-10
      8888	   11	       6	  0	     0 01-SEP-09
      2020	    3	     1.5	  0	   1.5 01-SEP-08

       DNI	  CAS	     CTA	CPA	   CLA FI	 FF
---------- ---------- ---------- ---------- ---------- --------- ---------
      7777	   12	     4.5	  3	     0 01-SEP-10
      3333	    9	     1.5	  0	   1.5 01-SEP-09
      2222	    4	     1.5	  0	   1.5 01-SEP-09
      3030	    8	       0	1.5	   1.5 01-SEP-09
      1111	    8	       3	  0	     0 01-SEP-09
      4444	    5	       3	  0	     0 01-SEP-10
      4444	    1	       3	1.5	   1.5 01-SEP-11
      3333	    2	     1.5	1.5	     3 01-SEP-08

19 rows selected.

SQL> SELECT *
  2  FROM PLAN_DOCENTE
  3  ORDER BY FF DESC;

       DNI	  CAS	     CTA	CPA	   CLA FI	 FF
---------- ---------- ---------- ---------- ---------- --------- ---------
      4444	    1	       3	1.5	   1.5 01-SEP-11
      3333	    2	     1.5	1.5	     3 01-SEP-08
      7777	   12	     4.5	  3	     0 01-SEP-10
      2020	    3	     1.5	  0	   1.5 01-SEP-08
      8888	   11	       6	  0	     0 01-SEP-09
      5555	    6	       3	  3	     0 31-MAR-10
      9999	    7	       3	  3	     0 01-SEP-10
      4444	    5	       3	  0	     0 01-SEP-10
      1111	    8	       3	  0	     0 01-SEP-09
      3030	    8	       0	1.5	   1.5 01-SEP-09
      2222	    4	     1.5	  0	   1.5 01-SEP-09

       DNI	  CAS	     CTA	CPA	   CLA FI	 FF
---------- ---------- ---------- ---------- ---------- --------- ---------
      3333	    9	     1.5	  0	   1.5 01-SEP-09
      1010	    9	     1.5	  0	   1.5 01-SEP-09
      6666	   10	       3	1.5	   1.5 01-SEP-08 31-AUG-11
      4444	    4	     1.5	  0	   1.5 01-SEP-08 31-AUG-10
      1010	    9	       3	  0	     3 01-SEP-08 31-AUG-09
      1111	    8	       3	1.5	   1.5 01-SEP-07 31-AUG-09
      1010	    2	     1.5	1.5	     3 01-SEP-05 31-AUG-08
      2222	    3	     1.5	  0	   1.5 01-SEP-06 31-AUG-07

19 rows selected.

SQL> SELECT P
  2  FROM PROFESOR NATURAL JOIN PLAN_DOCENTE NATURAL JOIN ASIGNATURA
  3  WHERE A='OPTIMIZACION' AND T='GII'
  4  ORDER BY P;

P
------------------------------------------------------------
JOSE MANUEL
JUAN
JUAN

SQL> SELECT P
  2  FROM PROFESOR NATURAL JOIN AREA NATURAL JOIN DEPARTAMENTO
  3  WHERE (D='MATEMATICA FUNDAMENTAL')
  4  ORDER BY P DESC;

P
------------------------------------------------------------
IVAN

SQL> SELECT A
  2  FROM PLAN_DOCENTE NATURAL JOIN AISGNATURA
  3  WHERE DNI='1010';
FROM PLAN_DOCENTE NATURAL JOIN AISGNATURA
                               *
ERROR at line 2:
ORA-00942: table or view does not exist


SQL> SELECT A
  2  FROM PLAN_DOCENTE NATURAL JOIN AISGNATURA
  3  ;
FROM PLAN_DOCENTE NATURAL JOIN AISGNATURA
                               *
ERROR at line 2:
ORA-00942: table or view does not exist


SQL> SELECT A
  2  FROM PLAN_DOCENTE NATURAL JOIN ASIGNATURA
  3  WHERE DNI='1010';

A
--------------------------------------------------
INTELIGENCIA ARTIFICIAL
GESTION DE RIESGOS
GESTION DE RIESGOS

SQL> SELECT A
  2  FROM PLAN_DOCENTE NATURAL JOIN AISGNATURA NATURAL JOIN PROFESOR
  3  WHERE P='DAVID';
FROM PLAN_DOCENTE NATURAL JOIN AISGNATURA NATURAL JOIN PROFESOR
                               *
ERROR at line 2:
ORA-00942: table or view does not exist


SQL> SELECT A
  2  FROM PLAN_DOCENTE NATURAL JOIN ASIGNATURA NATURAL JOIN PROFESOR
  3  WHERE P='DAVID';

A
--------------------------------------------------
INTELIGENCIA ARTIFICIAL
GESTION DE RIESGOS
GESTION DE RIESGOS

SQL> SELECT AR
  2  FROM AREA NATURAL JOIN DEPARTAMENTO
  3  WHERE D='ESTADISTICA,INVESTIGACION OPERATIVA Y COMPUTACION;
ERROR:
ORA-01756: quoted string not properly terminated


SQL> SELECT AR
  2  FROM AREA NATURAL JOIN DEPARTAMENTO
  3  WHERE D='ESTADISTICA,INVESTIGACION OPERATIVA Y COMPUTACION';

no rows selected

SQL> SELECT AR
  2  FROM AREA NATURAL JOIN DEPARTAMENTO
  3  WHERE D='ESTADISTICA, INVESTIGACION OPERATIVA Y COMPUTACION';

AR
------------------------------------------------------------
CIENCIAS DE LA COMPUTACION E INTELIGENCIA ARTIFICIAL
ESTADISTICA E INVESTIGACION OPERATIVA
LENGUAJES Y SISTEMAS INFORMATICOS

SQL> SELECT A
  2  FROM PLAN_DOCENTE NATURAL JOIN ASIGNATURA NATURAL JOIN PROFESOR
  3  WHERE (CAT='CU' AND FF IS NULL);

A
--------------------------------------------------
OPTIMIZACION
ALMACENES DE DATOS

SQL> SELECT A
  2  FROM PLAN_DOCENTE NATURAL JOIN ASIGNATURA NATURAL JOIN PROFESOR
  3  WHERE CAT='CU';

A
--------------------------------------------------
OPTIMIZACION
OPTIMIZACION
ALMACENES DE DATOS

SQL> SELECT A
  2  FROM ASIGNATURA NATURAL JOIN AREA
  3  WHERE AR='LENGUAJES Y SISTEMAS INFORMATICOS' OR AR='CIENCIAS DE LA COMPUTACION E INTELIGENCIA ARTIFICIAL';

A
--------------------------------------------------
GESTION DE RIESGOS
INTELIGENCIA ARTIFICIAL
INFORMATICA BASICA
MINERIA DE DATOS
ALMACENES DE DATOS
BASES DE DATOS

6 rows selected.

SQL> SELECT P
  2  FROM PLAN_DOCENTE NATURAL JOIN PROFESOR NATURAL JOIN ASIGNATURA
  3  WHERE (T='GII' OR T='MII') AND FF IS NULL;

P
------------------------------------------------------------
JUAN
CARLOS
PEDRO
PEDRO
MARIA
MARIA
IVAN
ANGELA
DAVID
SOLEDAD
JOSE MANUEL

11 rows selected.

SQL> SELECT DISTINCT P
  2  FROM PLAN_DOCENTE NATURAL JOIN PROFESOR NATURAL JOIN ASIGNATURA
  3  WHERE (T='GII' OR T='MII') AND FF IS NULL;

P
------------------------------------------------------------
JUAN
PEDRO
SOLEDAD
CARLOS
IVAN
DAVID
MARIA
JOSE MANUEL
ANGELA

9 rows selected.

SQL> SELECT DISTINCT P
  2  FROM PROFESOR
  3  WHERE DNI IN ((SELECT DNI
  4  FROM PLAN_DOCENTE
  5  WHERE CAS IN (SELECT CAS
  6  FROM ASIGNATURA
  7  WHERE T='GII'))
  8  INTERSECT (SELECT DNI
  9  FROM PLAN_DOCENTE
 10  WHERE CAS IN (SELECT CAS
 11  FROM ASIGNATURA
 12  WHERE T='MII')));

P
------------------------------------------------------------
MARIA

SQL> SELECT P
  2  FROM PROFESOR
  3  WHERE DNI IN ((SELECT DNI
  4  FROM PLAN_DOCENTE
  5  WHERE (FF IS NOT NULL))
  6  MINUS (SELECT DNI
  7  FROM PLAN_DOCENTE
  8  WHERE FF IS NULL));

P
------------------------------------------------------------
CARMEN

SQL> SELECT A
  2  FROM ASIGNATURA
  3  WHERE T='GII';

A
--------------------------------------------------
BASES DE DATOS
INTELIGENCIA ARTIFICIAL
INFORMATICA BASICA
ALGEBRA
CALCULO
OPTIMIZACION
GESTION DE RIESGOS

7 rows selected.

SQL> SELECT AR,A
  2  FROM AREA NATURAL JOIN ASIGNATURA;

AR							     A
------------------------------------------------------------ --------------------------------------------------
ALGEBRA 						     ALGEBRA
ANALISIS MATEMATICO					     ANALISIS COMPLEJO
ASTRONOMIA Y ASTROFISICA				     ASTRONOMIA
CIENCIAS DE LA COMPUTACION E INTELIGENCIA ARTIFICIAL	     GESTION DE RIESGOS
CIENCIAS DE LA COMPUTACION E INTELIGENCIA ARTIFICIAL	     INTELIGENCIA ARTIFICIAL
DIDACTICA DE LA MATEMATICA				     ENSENANZA DE LA MATEMATICA
ESTADISTICA E INVESTIGACION OPERATIVA			     OPTIMIZACION
LENGUAJES Y SISTEMAS INFORMATICOS			     INFORMATICA BASICA
LENGUAJES Y SISTEMAS INFORMATICOS			     MINERIA DE DATOS
LENGUAJES Y SISTEMAS INFORMATICOS			     ALMACENES DE DATOS
LENGUAJES Y SISTEMAS INFORMATICOS			     BASES DE DATOS

AR							     A
------------------------------------------------------------ --------------------------------------------------
MATEMATICA APLICADA					     CALCULO

12 rows selected.

SQL> SELECT D,AR
  2  FROM DEPARTAMENTO NATURAL JOIN AREA
  3  ORDER BY D,AR;

D							     AR
------------------------------------------------------------ ------------------------------------------------------------
ANALISIS MATEMATICO					     ANALISIS MATEMATICO
ANALISIS MATEMATICO					     DIDACTICA DE LA MATEMATICA
ANALISIS MATEMATICO					     MATEMATICA APLICADA
ASTROFISICA						     ASTRONOMIA Y ASTROFISICA
ESTADISTICA, INVESTIGACION OPERATIVA Y COMPUTACION	     CIENCIAS DE LA COMPUTACION E INTELIGENCIA ARTIFICIAL
ESTADISTICA, INVESTIGACION OPERATIVA Y COMPUTACION	     ESTADISTICA E INVESTIGACION OPERATIVA
ESTADISTICA, INVESTIGACION OPERATIVA Y COMPUTACION	     LENGUAJES Y SISTEMAS INFORMATICOS
MATEMATICA FUNDAMENTAL					     ALGEBRA

8 rows selected.

SQL> SELECT D,P
  2  FROM DEPARTAMENTO NATURAL JOIN AREA NATURAL JOIN PROFESOR
  3  ORDER BY D,P;

D							     P
------------------------------------------------------------ ------------------------------------------------------------
ANALISIS MATEMATICO					     ANGELA
ANALISIS MATEMATICO					     CARINA
ANALISIS MATEMATICO					     FRANCISCO
ANALISIS MATEMATICO					     MARIO
ASTROFISICA						     CARMEN
ESTADISTICA, INVESTIGACION OPERATIVA Y COMPUTACION	     CARLOS
ESTADISTICA, INVESTIGACION OPERATIVA Y COMPUTACION	     CARMERLO
ESTADISTICA, INVESTIGACION OPERATIVA Y COMPUTACION	     DAVID
ESTADISTICA, INVESTIGACION OPERATIVA Y COMPUTACION	     JOSE MANUEL
ESTADISTICA, INVESTIGACION OPERATIVA Y COMPUTACION	     JUAN
ESTADISTICA, INVESTIGACION OPERATIVA Y COMPUTACION	     LUIS

D							     P
------------------------------------------------------------ ------------------------------------------------------------
ESTADISTICA, INVESTIGACION OPERATIVA Y COMPUTACION	     MARIA
ESTADISTICA, INVESTIGACION OPERATIVA Y COMPUTACION	     PEDRO
ESTADISTICA, INVESTIGACION OPERATIVA Y COMPUTACION	     SOLEDAD
MATEMATICA FUNDAMENTAL					     IVAN

15 rows selected.

SQL> COMMIT WORK
  2  ;

Commit complete.

SQL> SPOOL OFF

